// Jest Snapshot v1, https://goo.gl/fbAQLP

exports[`app should render markup has the expected html structure 1`] = `<!--function (a, b, c, d) { return createElement(vm, a, b, c, d, true); }-->`;
